// Jest Snapshot v1, https://goo.gl/fbAQLP

exports[`Snapshot 1`] = `
{
  "Parameters": {
    "BootstrapVersion": {
      "Default": "/cdk-bootstrap/hnb659fds/version",
      "Description": "Version of the CDK Bootstrap resources in this environment, automatically retrieved from SSM Parameter Store. [cdk:skip]",
      "Type": "AWS::SSM::Parameter::Value<String>",
    },
  },
  "Resources": {
    "AlertTestTeam2Function6D2517FA": {
      "DependsOn": [
        "AlertTestTeam2FunctionServiceRoleDefaultPolicyF77B6850",
        "AlertTestTeam2FunctionServiceRoleEA0E27EA",
      ],
      "Properties": {
        "Code": {
          "S3Bucket": {
            "Fn::Sub": "cdk-hnb659fds-assets-\${AWS::AccountId}-\${AWS::Region}",
          },
          "S3Key": "2a64b3343a06bfefa641409c1d8dced4de39295ff7b4630ee0cac338e3fe8175.zip",
        },
        "Environment": {
          "Variables": {
            "AWS_NODEJS_CONNECTION_REUSE_ENABLED": "1",
            "SNS_TOPIC_ARN": {
              "Ref": "TestTeam2Alerts2BE53530",
            },
          },
        },
        "Handler": "index.handler",
        "Role": {
          "Fn::GetAtt": [
            "AlertTestTeam2FunctionServiceRoleEA0E27EA",
            "Arn",
          ],
        },
        "Runtime": "nodejs18.x",
      },
      "Type": "AWS::Lambda::Function",
    },
    "AlertTestTeam2FunctionServiceRoleDefaultPolicyF77B6850": {
      "Properties": {
        "PolicyDocument": {
          "Statement": [
            {
              "Action": "sns:Publish",
              "Effect": "Allow",
              "Resource": {
                "Ref": "TestTeam2Alerts2BE53530",
              },
            },
          ],
          "Version": "2012-10-17",
        },
        "PolicyName": "AlertTestTeam2FunctionServiceRoleDefaultPolicyF77B6850",
        "Roles": [
          {
            "Ref": "AlertTestTeam2FunctionServiceRoleEA0E27EA",
          },
        ],
      },
      "Type": "AWS::IAM::Policy",
    },
    "AlertTestTeam2FunctionServiceRoleEA0E27EA": {
      "Properties": {
        "AssumeRolePolicyDocument": {
          "Statement": [
            {
              "Action": "sts:AssumeRole",
              "Effect": "Allow",
              "Principal": {
                "Service": "lambda.amazonaws.com",
              },
            },
          ],
          "Version": "2012-10-17",
        },
        "ManagedPolicyArns": [
          {
            "Fn::Join": [
              "",
              [
                "arn:",
                {
                  "Ref": "AWS::Partition",
                },
                ":iam::aws:policy/service-role/AWSLambdaBasicExecutionRole",
              ],
            ],
          },
        ],
      },
      "Type": "AWS::IAM::Role",
    },
    "AlertTestTeamFunction3257EF79": {
      "DependsOn": [
        "AlertTestTeamFunctionServiceRoleDefaultPolicy918B5A1B",
        "AlertTestTeamFunctionServiceRole496082A0",
      ],
      "Properties": {
        "Code": {
          "S3Bucket": {
            "Fn::Sub": "cdk-hnb659fds-assets-\${AWS::AccountId}-\${AWS::Region}",
          },
          "S3Key": "2a64b3343a06bfefa641409c1d8dced4de39295ff7b4630ee0cac338e3fe8175.zip",
        },
        "Environment": {
          "Variables": {
            "AWS_NODEJS_CONNECTION_REUSE_ENABLED": "1",
            "SNS_TOPIC_ARN": {
              "Ref": "TestTeamAlerts58363266",
            },
          },
        },
        "Handler": "index.handler",
        "Role": {
          "Fn::GetAtt": [
            "AlertTestTeamFunctionServiceRole496082A0",
            "Arn",
          ],
        },
        "Runtime": "nodejs18.x",
      },
      "Type": "AWS::Lambda::Function",
    },
    "AlertTestTeamFunctionServiceRole496082A0": {
      "Properties": {
        "AssumeRolePolicyDocument": {
          "Statement": [
            {
              "Action": "sts:AssumeRole",
              "Effect": "Allow",
              "Principal": {
                "Service": "lambda.amazonaws.com",
              },
            },
          ],
          "Version": "2012-10-17",
        },
        "ManagedPolicyArns": [
          {
            "Fn::Join": [
              "",
              [
                "arn:",
                {
                  "Ref": "AWS::Partition",
                },
                ":iam::aws:policy/service-role/AWSLambdaBasicExecutionRole",
              ],
            ],
          },
        ],
      },
      "Type": "AWS::IAM::Role",
    },
    "AlertTestTeamFunctionServiceRoleDefaultPolicy918B5A1B": {
      "Properties": {
        "PolicyDocument": {
          "Statement": [
            {
              "Action": "sns:Publish",
              "Effect": "Allow",
              "Resource": {
                "Ref": "TestTeamAlerts58363266",
              },
            },
          ],
          "Version": "2012-10-17",
        },
        "PolicyName": "AlertTestTeamFunctionServiceRoleDefaultPolicy918B5A1B",
        "Roles": [
          {
            "Ref": "AlertTestTeamFunctionServiceRole496082A0",
          },
        ],
      },
      "Type": "AWS::IAM::Policy",
    },
    "TestTeam2Alerts2BE53530": {
      "Properties": {
        "KmsMasterKeyId": {
          "Fn::GetAtt": [
            "snskmskey1F6AC6F6",
            "Arn",
          ],
        },
      },
      "Type": "AWS::SNS::Topic",
    },
    "TestTeam2Alerts362D23E2E": {
      "Properties": {
        "Endpoint": "+3",
        "Protocol": "sms",
        "TopicArn": {
          "Ref": "TestTeam2Alerts2BE53530",
        },
      },
      "Type": "AWS::SNS::Subscription",
    },
    "TestTeam2Alerts4320BD087": {
      "Properties": {
        "Endpoint": "+4",
        "Protocol": "sms",
        "TopicArn": {
          "Ref": "TestTeam2Alerts2BE53530",
        },
      },
      "Type": "AWS::SNS::Subscription",
    },
    "TestTeamAlerts17FF09393": {
      "Properties": {
        "Endpoint": "+1",
        "Protocol": "sms",
        "TopicArn": {
          "Ref": "TestTeamAlerts58363266",
        },
      },
      "Type": "AWS::SNS::Subscription",
    },
    "TestTeamAlerts2E7EDE869": {
      "Properties": {
        "Endpoint": "+2",
        "Protocol": "sms",
        "TopicArn": {
          "Ref": "TestTeamAlerts58363266",
        },
      },
      "Type": "AWS::SNS::Subscription",
    },
    "TestTeamAlerts58363266": {
      "Properties": {
        "KmsMasterKeyId": {
          "Fn::GetAtt": [
            "snskmskey1F6AC6F6",
            "Arn",
          ],
        },
      },
      "Type": "AWS::SNS::Topic",
    },
    "snskmskey1F6AC6F6": {
      "DeletionPolicy": "Delete",
      "Properties": {
        "Description": "KMS key for encrypting the objects in an S3 bucket",
        "EnableKeyRotation": false,
        "KeyPolicy": {
          "Statement": [
            {
              "Action": "kms:*",
              "Effect": "Allow",
              "Principal": {
                "AWS": {
                  "Fn::Join": [
                    "",
                    [
                      "arn:",
                      {
                        "Ref": "AWS::Partition",
                      },
                      ":iam::",
                      {
                        "Ref": "AWS::AccountId",
                      },
                      ":root",
                    ],
                  ],
                },
              },
              "Resource": "*",
            },
          ],
          "Version": "2012-10-17",
        },
        "PendingWindowInDays": 7,
      },
      "Type": "AWS::KMS::Key",
      "UpdateReplacePolicy": "Delete",
    },
    "snskmskeyAlias7A51B3E5": {
      "Properties": {
        "AliasName": "alias/sns/league-lobster-key",
        "TargetKeyId": {
          "Fn::GetAtt": [
            "snskmskey1F6AC6F6",
            "Arn",
          ],
        },
      },
      "Type": "AWS::KMS::Alias",
    },
  },
  "Rules": {
    "CheckBootstrapVersion": {
      "Assertions": [
        {
          "Assert": {
            "Fn::Not": [
              {
                "Fn::Contains": [
                  [
                    "1",
                    "2",
                    "3",
                    "4",
                    "5",
                  ],
                  {
                    "Ref": "BootstrapVersion",
                  },
                ],
              },
            ],
          },
          "AssertDescription": "CDK bootstrap stack version 6 required. Please run 'cdk bootstrap' with a recent version of the CDK CLI.",
        },
      ],
    },
  },
}
`;
